Cycle: 9
-----------------------------------------------------------------------------------------------------------------------------------
| bne $t2, $t0, 0x2       | addi $t2, $t0, 0x44     | nop                     | lw $t0, 0($t4)          | addi $t4, $zero, 0x1c   |
-----------------------------------------------------------------------------------------------------------------------------------
Cycle: 21
-----------------------------------------------------------------------------------------------------------------------------------
| nop                     | nop                     | nop                     | nop                     | HALT                    |
-----------------------------------------------------------------------------------------------------------------------------------
