Total cycles:       22
I-cache hits:       5
I-cache misses:     1
D-cache hits:       0
D-cache misses:     1
